// Jest Snapshot v1, https://goo.gl/fbAQLP

exports[`InfoModal match snapshot 1`] = `null`;
