// Jest Snapshot v1, https://goo.gl/fbAQLP

exports[`PlayersTable match snapshot 1`] = `
<div>
  <div
    className="ant-divider css-dev-only-do-not-override-15rg2km ant-divider-horizontal ant-divider-with-text ant-divider-with-text-center"
    role="separator"
  >
    <span
      className="ant-divider-inner-text"
      style={Object {}}
    >
      Jogadores
    </span>
  </div>
  <div
    className="ant-table-wrapper css-dev-only-do-not-override-15rg2km"
  >
    <div
      className="ant-spin-nested-loading css-dev-only-do-not-override-15rg2km"
    >
      <div
        className="ant-spin-container"
      >
        <div
          className="ant-table ant-table-empty"
        >
          <div
            className="ant-table-container"
          >
            <div
              className="ant-table-content"
              onScroll={[Function]}
              style={Object {}}
            >
              <table
                style={
                  Object {
                    "tableLayout": "auto",
                  }
                }
              >
                <colgroup />
                <thead
                  className="ant-table-thead"
                >
                  <tr>
                    <td
                      className="ant-table-cell"
                      colSpan={null}
                      onMouseEnter={[Function]}
                      onMouseLeave={[Function]}
                      rowSpan={null}
                      scope={null}
                      style={Object {}}
                    />
                    <th
                      className="ant-table-cell"
                      colSpan={null}
                      onMouseEnter={[Function]}
                      onMouseLeave={[Function]}
                      rowSpan={null}
                      scope="col"
                      style={Object {}}
                    >
                      Nome
                    </th>
                    <th
                      className="ant-table-cell"
                      colSpan={null}
                      onMouseEnter={[Function]}
                      onMouseLeave={[Function]}
                      rowSpan={null}
                      scope="col"
                      style={Object {}}
                    >
                      Idade
                    </th>
                    <th
                      className="ant-table-cell"
                      colSpan={null}
                      onMouseEnter={[Function]}
                      onMouseLeave={[Function]}
                      rowSpan={null}
                      scope="col"
                      style={Object {}}
                    >
                      Nacionalidade
                    </th>
                  </tr>
                </thead>
                <tbody
                  className="ant-table-tbody"
                >
                  <tr
                    className="ant-table-placeholder"
                    style={
                      Object {
                        "display": null,
                      }
                    }
                  >
                    <td
                      className="ant-table-cell"
                      colSpan={4}
                      onMouseEnter={[Function]}
                      onMouseLeave={[Function]}
                      rowSpan={null}
                      style={Object {}}
                    >
                      <div
                        className="css-dev-only-do-not-override-15rg2km ant-empty ant-empty-normal"
                      >
                        <div
                          className="ant-empty-image"
                        >
                          <svg
                            height="41"
                            viewBox="0 0 64 41"
                            width="64"
                            xmlns="http://www.w3.org/2000/svg"
                          >
                            <g
                              fill="none"
                              fillRule="evenodd"
                              transform="translate(0 1)"
                            >
                              <ellipse
                                cx="32"
                                cy="33"
                                fill="#f5f5f5"
                                rx="32"
                                ry="7"
                              />
                              <g
                                fillRule="nonzero"
                                stroke="#d9d9d9"
                              >
                                <path
                                  d="M55 12.76L44.854 1.258C44.367.474 43.656 0 42.907 0H21.093c-.749 0-1.46.474-1.947 1.257L9 12.761V22h46v-9.24z"
                                />
                                <path
                                  d="M41.613 15.931c0-1.605.994-2.93 2.227-2.931H55v18.137C55 33.26 53.68 35 52.05 35h-40.1C10.32 35 9 33.259 9 31.137V13h11.16c1.233 0 2.227 1.323 2.227 2.928v.022c0 1.605 1.005 2.901 2.237 2.901h14.752c1.232 0 2.237-1.308 2.237-2.913v-.007z"
                                  fill="#fafafa"
                                />
                              </g>
                            </g>
                          </svg>
                        </div>
                        <div
                          className="ant-empty-description"
                        >
                          No data
                        </div>
                      </div>
                    </td>
                  </tr>
                </tbody>
              </table>
            </div>
          </div>
        </div>
      </div>
    </div>
  </div>
</div>
`;
